	strong
S100.8123_S2	0.6609101593475901
S101.8118_S3	0.6765140765990282
S102.8145_S4	0.7773967650190847
S103.8150_S5	0.6820009466367778
S104.8162_S6	0.7570067430289534
S105.8151_S7	0.7612101478910409
S106.8079_S8	0.7259588628855714
S107.8192_S9	0.7850317173844833
S108.8103_S10	0.7312564900445331
S109.8446_S11	0.6616062798900424
S110.8096_S12	0.7429656348373557
S111.8449_S13	0.6941287789796168
S112.8459_S14	0.6581237907744972
S113.8451_S15	0.6706893622580796
S114.8452_S16	0.7341685793049951
S115.8234_S17	0.6801689356516463
S116.8209_S18	0.7267738447944125
S117.8026_S19	0.6863741212653779
S118.8490_S20	0.7597584264298674
S119.8130_S21	0.6547907557776389
S120.8477_S22	0.642195244784902
S121.8264_S23	0.6789175273629657
S122.8134_S24	0.45259804405808557
S123.8176_S25	0.7047311342705559
S124.8224_S26	0.6760201700451479
S125.8210_S27	0.6325848334919284
S126.8135_S28	0.6083048632841929
S127.8112_S29	0.705274616526472
S128.8202_S30	0.6959152537692604
S129.8204_S31	0.7559146835583983
S130.8507_S32	0.606670987584741
S131.8274_S33	0.7137216833876523
S132.8297_S34	0.6471524859482956
S133.8222_S35	0.7282406178188296
S134.8546_S36	0.7414949727665717
S135.8381_S37	0.6631470679157576
S136.8391_S38	0.6599046682354301
S137.8574_S39	0.5849652163844714
S138.8047_S40	0.7087856899759328
S139.8583_S41	0.6522946663040281
S140.8013_S42	0.7204348249211584
S141.8080_S43	0.6811855204229823
S142.8621_S44	0.7204134312630499
S143.8071_S45	0.6298865641023883
S144.8417_S46	0.75508601784743
S145.8371_S47	0.6432365183573514
S146.8430_S48	0.6261967185242936
S147.8369_S49	0.6761911505319922
S148.8242_S50	0.7540705112130613
S149.8312_S51	0.6886298392799669
